// Vitest Snapshot v1, https://vitest.dev/guide/snapshot.html

exports[`BudgetTrendsPanel > renders trends in provided order and matches snapshot 1`] = `
<div>
  <section
    aria-label="Tendances budgets"
    class="budgets-panel"
  >
    <header
      class="panel-header"
    >
      <p
        class="eyebrow"
      >
        Tendances
      </p>
      <h2>
        Budget trends
      </h2>
    </header>
    <div
      class="budget-list"
    >
      <article
        class="budget-item"
      >
        <header
          class="budget-item__header"
        >
          <h3>
            Alimentation
          </h3>
          <span
            class="budget-status"
            style="border-color: rgb(31, 41, 55); color: rgb(31, 41, 55);"
          >
            INCREASING
          </span>
        </header>
        <dl
          class="budget-metrics"
        >
          <div>
            <dt>
              Courant
            </dt>
            <dd>
              680
            </dd>
          </div>
          <div>
            <dt>
              Précédent
            </dt>
            <dd>
              610
            </dd>
          </div>
          <div>
            <dt>
              Delta
            </dt>
            <dd>
              70
            </dd>
          </div>
          <div>
            <dt>
              Variation
            </dt>
            <dd>
              11.47%
            </dd>
          </div>
        </dl>
      </article>
      <article
        class="budget-item"
      >
        <header
          class="budget-item__header"
        >
          <h3>
            Transport
          </h3>
          <span
            class="budget-status"
            style="border-color: rgb(31, 41, 55); color: rgb(31, 41, 55);"
          >
            STABLE
          </span>
        </header>
        <dl
          class="budget-metrics"
        >
          <div>
            <dt>
              Courant
            </dt>
            <dd>
              210
            </dd>
          </div>
          <div>
            <dt>
              Précédent
            </dt>
            <dd>
              205
            </dd>
          </div>
          <div>
            <dt>
              Delta
            </dt>
            <dd>
              5
            </dd>
          </div>
          <div>
            <dt>
              Variation
            </dt>
            <dd>
              2.44%
            </dd>
          </div>
        </dl>
      </article>
    </div>
  </section>
</div>
`;
