// Vitest Snapshot v1, https://vitest.dev/guide/snapshot.html

exports[`CategoryBudgetsPanel > renders budgets in contract order, preserves statuses, and matches snapshot 1`] = `
<div>
  <section
    aria-label="Budgets par catégorie"
    class="budgets-panel"
  >
    <header
      class="panel-header"
    >
      <p
        class="eyebrow"
      >
        Budgets
      </p>
      <h2>
        Par catégorie
      </h2>
    </header>
    <div
      class="budget-list"
    >
      <article>
        <h3>
          Alimentation
        </h3>
        <dl>
          <div>
            <dt>
              Budget
            </dt>
            <dd>
              600
               €
            </dd>
          </div>
          <div>
            <dt>
              Dépensé
            </dt>
            <dd>
              680
               €
            </dd>
          </div>
          <div>
            <dt>
              Restant
            </dt>
            <dd>
              -80
               €
            </dd>
          </div>
          <div>
            <dt>
              Ratio
            </dt>
            <dd>
              113
               %
            </dd>
          </div>
          <div>
            <dt>
              Statut
            </dt>
            <dd>
              EXCEEDED
            </dd>
          </div>
        </dl>
      </article>
    </div>
  </section>
</div>
`;
