// Vitest Snapshot v1, https://vitest.dev/guide/snapshot.html

exports[`RollingBudgetsPanel > renders rolling budgets in provided order and matches snapshot 1`] = `
<div>
  <section
    aria-label="Budgets glissants"
    class="budgets-panel"
  >
    <header
      class="panel-header"
    >
      <p
        class="eyebrow"
      >
        Budgets glissants
      </p>
      <h2>
        Rolling budgets
      </h2>
    </header>
    <div
      class="budget-list"
    >
      <article
        class="budget-item"
      >
        <header
          class="budget-item__header"
        >
          <h3>
            Alimentation
          </h3>
          <span
            class="budget-status"
            style="border-color: rgb(180, 83, 9); color: rgb(180, 83, 9);"
          >
            WARNING
          </span>
        </header>
        <dl
          class="budget-metrics"
        >
          <div>
            <dt>
              Fenêtre
            </dt>
            <dd>
              3
               mois
            </dd>
          </div>
          <div>
            <dt>
              Dépensé
            </dt>
            <dd>
              1 800,00 €
            </dd>
          </div>
          <div>
            <dt>
              Budget
            </dt>
            <dd>
              2 000,00 €
            </dd>
          </div>
          <div>
            <dt>
              Ratio
            </dt>
            <dd>
              90%
            </dd>
          </div>
        </dl>
      </article>
      <article
        class="budget-item"
      >
        <header
          class="budget-item__header"
        >
          <h3>
            Transport
          </h3>
          <span
            class="budget-status"
            style="border-color: rgb(22, 163, 74); color: rgb(22, 163, 74);"
          >
            OK
          </span>
        </header>
        <dl
          class="budget-metrics"
        >
          <div>
            <dt>
              Fenêtre
            </dt>
            <dd>
              3
               mois
            </dd>
          </div>
          <div>
            <dt>
              Dépensé
            </dt>
            <dd>
              450,00 €
            </dd>
          </div>
          <div>
            <dt>
              Budget
            </dt>
            <dd>
              600,00 €
            </dd>
          </div>
          <div>
            <dt>
              Ratio
            </dt>
            <dd>
              75%
            </dd>
          </div>
        </dl>
      </article>
    </div>
  </section>
</div>
`;
